#-----------------------------------------------------------
# Webtalk v2021.1 (64-bit)
# SW Build 3247384 on Thu Jun 10 19:36:33 MDT 2021
# IP Build 3246043 on Fri Jun 11 00:30:35 MDT 2021
# Start of session at: Tue Nov  1 04:25:45 2022
# Process ID: 44828
# Current directory: C:/Users/vsoql/OneDrive/Desktop/CECS341/Xilinx stuff/Lab2_Part1_Group14/Lab2_Part1_Group14.sim/sim_1/behav/xsim
# Command line: wbtcv.exe -mode batch -source C:/Users/vsoql/OneDrive/Desktop/CECS341/Xilinx stuff/Lab2_Part1_Group14/Lab2_Part1_Group14.sim/sim_1/behav/xsim/xsim.dir/logic_circuit_testbench_behav/webtalk/xsim_webtalk.tcl -notrace
# Log file: C:/Users/vsoql/OneDrive/Desktop/CECS341/Xilinx stuff/Lab2_Part1_Group14/Lab2_Part1_Group14.sim/sim_1/behav/xsim/webtalk.log
# Journal file: C:/Users/vsoql/OneDrive/Desktop/CECS341/Xilinx stuff/Lab2_Part1_Group14/Lab2_Part1_Group14.sim/sim_1/behav/xsim\webtalk.jou
#-----------------------------------------------------------
source C:/Users/vsoql/OneDrive/Desktop/CECS341/Xilinx -notrace
